MPLINK 4.30.01, Linker
Linker Map File - Created Wed Mar 24 01:04:42 2021

                                 Section Info
                  Section       Type    Address   Location Size(Bytes)
                ---------  ---------  ---------  ---------  ---------
                   .org_0       code   0x000000    program   0x000000
                   .org_1       code   0x000000    program   0x000004
                   .org_2       code   0x000004    program   0x000136
.config_2007_ A VER QUE PASA.O       code   0x002007    program   0x000002



                              Program Memory Usage 
                               Start         End      
                           ---------   ---------      
                            0x000000    0x000001      
                            0x000004    0x00009e      
                            0x002007    0x002007      
            158 out of 8456 program addresses used, program memory utilization is 1%



                              Symbols - Sorted by Name
                     Name    Address   Location    Storage File                     
                ---------  ---------  ---------  --------- ---------                
              CUENTA_TIME   0x000053    program     static C:\Users\anton\Desktop\Examen Primer parcial Olivares\Practica de tipo examen\ a ver que pasa.asm
                  ESP_INT   0x000078    program     static C:\Users\anton\Desktop\Examen Primer parcial Olivares\Practica de tipo examen\ a ver que pasa.asm
                  INI_LCD   0x00007d    program     static C:\Users\anton\Desktop\Examen Primer parcial Olivares\Practica de tipo examen\ a ver que pasa.asm
                 LOOP_1MS   0x000094    program     static C:\Users\anton\Desktop\Examen Primer parcial Olivares\Practica de tipo examen\ a ver que pasa.asm
                LOOP_40MS   0x00009a    program     static C:\Users\anton\Desktop\Examen Primer parcial Olivares\Practica de tipo examen\ a ver que pasa.asm
             MUESTRA_TIME   0x000066    program     static C:\Users\anton\Desktop\Examen Primer parcial Olivares\Practica de tipo examen\ a ver que pasa.asm
                 PROG_INI   0x00002c    program     static C:\Users\anton\Desktop\Examen Primer parcial Olivares\Practica de tipo examen\ a ver que pasa.asm
                PROG_PRIN   0x000051    program     static C:\Users\anton\Desktop\Examen Primer parcial Olivares\Practica de tipo examen\ a ver que pasa.asm
             PULSO_ENABLE   0x00008f    program     static C:\Users\anton\Desktop\Examen Primer parcial Olivares\Practica de tipo examen\ a ver que pasa.asm
              RETARDO_1MS   0x000093    program     static C:\Users\anton\Desktop\Examen Primer parcial Olivares\Practica de tipo examen\ a ver que pasa.asm
             RETARDO_40MS   0x000099    program     static C:\Users\anton\Desktop\Examen Primer parcial Olivares\Practica de tipo examen\ a ver que pasa.asm
               RUTINA_INT   0x000019    program     static C:\Users\anton\Desktop\Examen Primer parcial Olivares\Practica de tipo examen\ a ver que pasa.asm
                  SAL_INT   0x00000f    program     static C:\Users\anton\Desktop\Examen Primer parcial Olivares\Practica de tipo examen\ a ver que pasa.asm
               SAL_RUTEXT   0x000028    program     static C:\Users\anton\Desktop\Examen Primer parcial Olivares\Practica de tipo examen\ a ver que pasa.asm
               SAL_RUTINT   0x00002a    program     static C:\Users\anton\Desktop\Examen Primer parcial Olivares\Practica de tipo examen\ a ver que pasa.asm
                  SIG_INT   0x000020    program     static C:\Users\anton\Desktop\Examen Primer parcial Olivares\Practica de tipo examen\ a ver que pasa.asm
                  VEC_INT   0x000004    program     static C:\Users\anton\Desktop\Examen Primer parcial Olivares\Practica de tipo examen\ a ver que pasa.asm
                VEC_RESET   0x000000    program     static C:\Users\anton\Desktop\Examen Primer parcial Olivares\Practica de tipo examen\ a ver que pasa.asm



                              Symbols - Sorted by Address
                     Name    Address   Location    Storage File                     
                ---------  ---------  ---------  --------- ---------                
                VEC_RESET   0x000000    program     static C:\Users\anton\Desktop\Examen Primer parcial Olivares\Practica de tipo examen\ a ver que pasa.asm
                  VEC_INT   0x000004    program     static C:\Users\anton\Desktop\Examen Primer parcial Olivares\Practica de tipo examen\ a ver que pasa.asm
                  SAL_INT   0x00000f    program     static C:\Users\anton\Desktop\Examen Primer parcial Olivares\Practica de tipo examen\ a ver que pasa.asm
               RUTINA_INT   0x000019    program     static C:\Users\anton\Desktop\Examen Primer parcial Olivares\Practica de tipo examen\ a ver que pasa.asm
                  SIG_INT   0x000020    program     static C:\Users\anton\Desktop\Examen Primer parcial Olivares\Practica de tipo examen\ a ver que pasa.asm
               SAL_RUTEXT   0x000028    program     static C:\Users\anton\Desktop\Examen Primer parcial Olivares\Practica de tipo examen\ a ver que pasa.asm
               SAL_RUTINT   0x00002a    program     static C:\Users\anton\Desktop\Examen Primer parcial Olivares\Practica de tipo examen\ a ver que pasa.asm
                 PROG_INI   0x00002c    program     static C:\Users\anton\Desktop\Examen Primer parcial Olivares\Practica de tipo examen\ a ver que pasa.asm
                PROG_PRIN   0x000051    program     static C:\Users\anton\Desktop\Examen Primer parcial Olivares\Practica de tipo examen\ a ver que pasa.asm
              CUENTA_TIME   0x000053    program     static C:\Users\anton\Desktop\Examen Primer parcial Olivares\Practica de tipo examen\ a ver que pasa.asm
             MUESTRA_TIME   0x000066    program     static C:\Users\anton\Desktop\Examen Primer parcial Olivares\Practica de tipo examen\ a ver que pasa.asm
                  ESP_INT   0x000078    program     static C:\Users\anton\Desktop\Examen Primer parcial Olivares\Practica de tipo examen\ a ver que pasa.asm
                  INI_LCD   0x00007d    program     static C:\Users\anton\Desktop\Examen Primer parcial Olivares\Practica de tipo examen\ a ver que pasa.asm
             PULSO_ENABLE   0x00008f    program     static C:\Users\anton\Desktop\Examen Primer parcial Olivares\Practica de tipo examen\ a ver que pasa.asm
              RETARDO_1MS   0x000093    program     static C:\Users\anton\Desktop\Examen Primer parcial Olivares\Practica de tipo examen\ a ver que pasa.asm
                 LOOP_1MS   0x000094    program     static C:\Users\anton\Desktop\Examen Primer parcial Olivares\Practica de tipo examen\ a ver que pasa.asm
             RETARDO_40MS   0x000099    program     static C:\Users\anton\Desktop\Examen Primer parcial Olivares\Practica de tipo examen\ a ver que pasa.asm
                LOOP_40MS   0x00009a    program     static C:\Users\anton\Desktop\Examen Primer parcial Olivares\Practica de tipo examen\ a ver que pasa.asm


