MPLINK 4.30.01, Linker
Linker Map File - Created Fri Apr 30 21:40:30 2021

                                 Section Info
                  Section       Type    Address   Location Size(Bytes)
                ---------  ---------  ---------  ---------  ---------
                   .org_0       code   0x000000    program   0x000000
                   .org_1       code   0x000000    program   0x000004
                   .org_2       code   0x000004    program   0x0003f0
.config_2007_PRACTICA 4.O       code   0x002007    program   0x000002



                              Program Memory Usage 
                               Start         End      
                           ---------   ---------      
                            0x000000    0x000001      
                            0x000004    0x0001fb      
                            0x002007    0x002007      
            507 out of 8453 program addresses used, program memory utilization is 5%



                              Symbols - Sorted by Name
                     Name    Address   Location    Storage File                     
                ---------  ---------  ---------  --------- ---------                
               ESPERA_2MS   0x0001ea    program     static C:\Users\anton\Desktop\Sistemas digitales\Microelectronica Programable\Practica 4\Practica 4.asm
              ESPERA_41MS   0x0001f0    program     static C:\Users\anton\Desktop\Sistemas digitales\Microelectronica Programable\Practica 4\Practica 4.asm
               ESPERA_4MS   0x0001f6    program     static C:\Users\anton\Desktop\Sistemas digitales\Microelectronica Programable\Practica 4\Practica 4.asm
                 FUE_TEC1   0x000094    program     static C:\Users\anton\Desktop\Sistemas digitales\Microelectronica Programable\Practica 4\Practica 4.asm
                 FUE_TEC2   0x0000dc    program     static C:\Users\anton\Desktop\Sistemas digitales\Microelectronica Programable\Practica 4\Practica 4.asm
                 FUE_TEC3   0x000120    program     static C:\Users\anton\Desktop\Sistemas digitales\Microelectronica Programable\Practica 4\Practica 4.asm
               GEN_SEÒALF   0x000116    program     static C:\Users\anton\Desktop\Sistemas digitales\Microelectronica Programable\Practica 4\Practica 4.asm
               GEN_SEÒALR   0x00010d    program     static C:\Users\anton\Desktop\Sistemas digitales\Microelectronica Programable\Practica 4\Practica 4.asm
         GEN_SEÒALSINDOWN   0x0000cf    program     static C:\Users\anton\Desktop\Sistemas digitales\Microelectronica Programable\Practica 4\Practica 4.asm
           GEN_SEÒALSINUP   0x0000c3    program     static C:\Users\anton\Desktop\Sistemas digitales\Microelectronica Programable\Practica 4\Practica 4.asm
                  INI_LCD   0x0001ca    program     static C:\Users\anton\Desktop\Sistemas digitales\Microelectronica Programable\Practica 4\Practica 4.asm
                 LOOP_1MS   0x0001df    program     static C:\Users\anton\Desktop\Sistemas digitales\Microelectronica Programable\Practica 4\Practica 4.asm
                  LOOP_2M   0x0001eb    program     static C:\Users\anton\Desktop\Sistemas digitales\Microelectronica Programable\Practica 4\Practica 4.asm
                   LOOP_4   0x0001f7    program     static C:\Users\anton\Desktop\Sistemas digitales\Microelectronica Programable\Practica 4\Practica 4.asm
                LOOP_40MS   0x0001e5    program     static C:\Users\anton\Desktop\Sistemas digitales\Microelectronica Programable\Practica 4\Practica 4.asm
                  LOOP_41   0x0001f1    program     static C:\Users\anton\Desktop\Sistemas digitales\Microelectronica Programable\Practica 4\Practica 4.asm
             LOOP_DIGITAL   0x000139    program     static C:\Users\anton\Desktop\Sistemas digitales\Microelectronica Programable\Practica 4\Practica 4.asm
                LOOP_PRIN   0x000061    program     static C:\Users\anton\Desktop\Sistemas digitales\Microelectronica Programable\Practica 4\Practica 4.asm
         MUESTRA_CARACTER   0x000151    program     static C:\Users\anton\Desktop\Sistemas digitales\Microelectronica Programable\Practica 4\Practica 4.asm
                OSCILASIN   0x0000b1    program     static C:\Users\anton\Desktop\Sistemas digitales\Microelectronica Programable\Practica 4\Practica 4.asm
         OSCILATRIANGULAR   0x0000fb    program     static C:\Users\anton\Desktop\Sistemas digitales\Microelectronica Programable\Practica 4\Practica 4.asm
                 PROG_INI   0x00002b    program     static C:\Users\anton\Desktop\Sistemas digitales\Microelectronica Programable\Practica 4\Practica 4.asm
                PROG_PRIN   0x00005f    program     static C:\Users\anton\Desktop\Sistemas digitales\Microelectronica Programable\Practica 4\Practica 4.asm
             PULSO_ENABLE   0x0001d9    program     static C:\Users\anton\Desktop\Sistemas digitales\Microelectronica Programable\Practica 4\Practica 4.asm
                RENGLON_3   0x00007d    program     static C:\Users\anton\Desktop\Sistemas digitales\Microelectronica Programable\Practica 4\Practica 4.asm
              RETARDO_1MS   0x0001de    program     static C:\Users\anton\Desktop\Sistemas digitales\Microelectronica Programable\Practica 4\Practica 4.asm
             RETARDO_40MS   0x0001e4    program     static C:\Users\anton\Desktop\Sistemas digitales\Microelectronica Programable\Practica 4\Practica 4.asm
               RUTINA_INT   0x000019    program     static C:\Users\anton\Desktop\Sistemas digitales\Microelectronica Programable\Practica 4\Practica 4.asm
                  SAL_INT   0x00000f    program     static C:\Users\anton\Desktop\Sistemas digitales\Microelectronica Programable\Practica 4\Practica 4.asm
               SAL_RUTEXT   0x000028    program     static C:\Users\anton\Desktop\Sistemas digitales\Microelectronica Programable\Practica 4\Practica 4.asm
               SAL_RUTINT   0x000029    program     static C:\Users\anton\Desktop\Sistemas digitales\Microelectronica Programable\Practica 4\Practica 4.asm
                  SIG_INT   0x000020    program     static C:\Users\anton\Desktop\Sistemas digitales\Microelectronica Programable\Practica 4\Practica 4.asm
                   SWITCH   0x00007d    program     static C:\Users\anton\Desktop\Sistemas digitales\Microelectronica Programable\Practica 4\Practica 4.asm
                  VEC_INT   0x000004    program     static C:\Users\anton\Desktop\Sistemas digitales\Microelectronica Programable\Practica 4\Practica 4.asm
                VEC_RESET   0x000000    program     static C:\Users\anton\Desktop\Sistemas digitales\Microelectronica Programable\Practica 4\Practica 4.asm



                              Symbols - Sorted by Address
                     Name    Address   Location    Storage File                     
                ---------  ---------  ---------  --------- ---------                
                VEC_RESET   0x000000    program     static C:\Users\anton\Desktop\Sistemas digitales\Microelectronica Programable\Practica 4\Practica 4.asm
                  VEC_INT   0x000004    program     static C:\Users\anton\Desktop\Sistemas digitales\Microelectronica Programable\Practica 4\Practica 4.asm
                  SAL_INT   0x00000f    program     static C:\Users\anton\Desktop\Sistemas digitales\Microelectronica Programable\Practica 4\Practica 4.asm
               RUTINA_INT   0x000019    program     static C:\Users\anton\Desktop\Sistemas digitales\Microelectronica Programable\Practica 4\Practica 4.asm
                  SIG_INT   0x000020    program     static C:\Users\anton\Desktop\Sistemas digitales\Microelectronica Programable\Practica 4\Practica 4.asm
               SAL_RUTEXT   0x000028    program     static C:\Users\anton\Desktop\Sistemas digitales\Microelectronica Programable\Practica 4\Practica 4.asm
               SAL_RUTINT   0x000029    program     static C:\Users\anton\Desktop\Sistemas digitales\Microelectronica Programable\Practica 4\Practica 4.asm
                 PROG_INI   0x00002b    program     static C:\Users\anton\Desktop\Sistemas digitales\Microelectronica Programable\Practica 4\Practica 4.asm
                PROG_PRIN   0x00005f    program     static C:\Users\anton\Desktop\Sistemas digitales\Microelectronica Programable\Practica 4\Practica 4.asm
                LOOP_PRIN   0x000061    program     static C:\Users\anton\Desktop\Sistemas digitales\Microelectronica Programable\Practica 4\Practica 4.asm
                   SWITCH   0x00007d    program     static C:\Users\anton\Desktop\Sistemas digitales\Microelectronica Programable\Practica 4\Practica 4.asm
                RENGLON_3   0x00007d    program     static C:\Users\anton\Desktop\Sistemas digitales\Microelectronica Programable\Practica 4\Practica 4.asm
                 FUE_TEC1   0x000094    program     static C:\Users\anton\Desktop\Sistemas digitales\Microelectronica Programable\Practica 4\Practica 4.asm
                OSCILASIN   0x0000b1    program     static C:\Users\anton\Desktop\Sistemas digitales\Microelectronica Programable\Practica 4\Practica 4.asm
           GEN_SEÒALSINUP   0x0000c3    program     static C:\Users\anton\Desktop\Sistemas digitales\Microelectronica Programable\Practica 4\Practica 4.asm
         GEN_SEÒALSINDOWN   0x0000cf    program     static C:\Users\anton\Desktop\Sistemas digitales\Microelectronica Programable\Practica 4\Practica 4.asm
                 FUE_TEC2   0x0000dc    program     static C:\Users\anton\Desktop\Sistemas digitales\Microelectronica Programable\Practica 4\Practica 4.asm
         OSCILATRIANGULAR   0x0000fb    program     static C:\Users\anton\Desktop\Sistemas digitales\Microelectronica Programable\Practica 4\Practica 4.asm
               GEN_SEÒALR   0x00010d    program     static C:\Users\anton\Desktop\Sistemas digitales\Microelectronica Programable\Practica 4\Practica 4.asm
               GEN_SEÒALF   0x000116    program     static C:\Users\anton\Desktop\Sistemas digitales\Microelectronica Programable\Practica 4\Practica 4.asm
                 FUE_TEC3   0x000120    program     static C:\Users\anton\Desktop\Sistemas digitales\Microelectronica Programable\Practica 4\Practica 4.asm
             LOOP_DIGITAL   0x000139    program     static C:\Users\anton\Desktop\Sistemas digitales\Microelectronica Programable\Practica 4\Practica 4.asm
         MUESTRA_CARACTER   0x000151    program     static C:\Users\anton\Desktop\Sistemas digitales\Microelectronica Programable\Practica 4\Practica 4.asm
                  INI_LCD   0x0001ca    program     static C:\Users\anton\Desktop\Sistemas digitales\Microelectronica Programable\Practica 4\Practica 4.asm
             PULSO_ENABLE   0x0001d9    program     static C:\Users\anton\Desktop\Sistemas digitales\Microelectronica Programable\Practica 4\Practica 4.asm
              RETARDO_1MS   0x0001de    program     static C:\Users\anton\Desktop\Sistemas digitales\Microelectronica Programable\Practica 4\Practica 4.asm
                 LOOP_1MS   0x0001df    program     static C:\Users\anton\Desktop\Sistemas digitales\Microelectronica Programable\Practica 4\Practica 4.asm
             RETARDO_40MS   0x0001e4    program     static C:\Users\anton\Desktop\Sistemas digitales\Microelectronica Programable\Practica 4\Practica 4.asm
                LOOP_40MS   0x0001e5    program     static C:\Users\anton\Desktop\Sistemas digitales\Microelectronica Programable\Practica 4\Practica 4.asm
               ESPERA_2MS   0x0001ea    program     static C:\Users\anton\Desktop\Sistemas digitales\Microelectronica Programable\Practica 4\Practica 4.asm
                  LOOP_2M   0x0001eb    program     static C:\Users\anton\Desktop\Sistemas digitales\Microelectronica Programable\Practica 4\Practica 4.asm
              ESPERA_41MS   0x0001f0    program     static C:\Users\anton\Desktop\Sistemas digitales\Microelectronica Programable\Practica 4\Practica 4.asm
                  LOOP_41   0x0001f1    program     static C:\Users\anton\Desktop\Sistemas digitales\Microelectronica Programable\Practica 4\Practica 4.asm
               ESPERA_4MS   0x0001f6    program     static C:\Users\anton\Desktop\Sistemas digitales\Microelectronica Programable\Practica 4\Practica 4.asm
                   LOOP_4   0x0001f7    program     static C:\Users\anton\Desktop\Sistemas digitales\Microelectronica Programable\Practica 4\Practica 4.asm


